Archive member included to satisfy reference by file (symbol)

c:/program files (x86)/atmel/studio/7.0/toolchain/avr8/avr8-gnu-toolchain/bin/../lib/gcc/avr/5.4.0/../../../../avr/lib/avr5\libm.a(fixsfsi.o)
                              Super_Clokk.o (__fixsfsi)
c:/program files (x86)/atmel/studio/7.0/toolchain/avr8/avr8-gnu-toolchain/bin/../lib/gcc/avr/5.4.0/../../../../avr/lib/avr5\libm.a(fixunssfsi.o)
                              c:/program files (x86)/atmel/studio/7.0/toolchain/avr8/avr8-gnu-toolchain/bin/../lib/gcc/avr/5.4.0/../../../../avr/lib/avr5\libm.a(fixsfsi.o) (__fixunssfsi)
c:/program files (x86)/atmel/studio/7.0/toolchain/avr8/avr8-gnu-toolchain/bin/../lib/gcc/avr/5.4.0/../../../../avr/lib/avr5\libm.a(floatsisf.o)
                              Super_Clokk.o (__floatsisf)
c:/program files (x86)/atmel/studio/7.0/toolchain/avr8/avr8-gnu-toolchain/bin/../lib/gcc/avr/5.4.0/../../../../avr/lib/avr5\libm.a(fp_split3.o)
                              c:/program files (x86)/atmel/studio/7.0/toolchain/avr8/avr8-gnu-toolchain/bin/../lib/gcc/avr/5.4.0/../../../../avr/lib/avr5\libm.a(fixunssfsi.o) (__fp_splitA)
c:/program files (x86)/atmel/studio/7.0/toolchain/avr8/avr8-gnu-toolchain/bin/../lib/gcc/avr/5.4.0/../../../../avr/lib/avr5\libm.a(fp_zero.o)
                              c:/program files (x86)/atmel/studio/7.0/toolchain/avr8/avr8-gnu-toolchain/bin/../lib/gcc/avr/5.4.0/../../../../avr/lib/avr5\libm.a(fixunssfsi.o) (__fp_zero)
c:/program files (x86)/atmel/studio/7.0/toolchain/avr8/avr8-gnu-toolchain/bin/../lib/gcc/avr/5.4.0/../../../../avr/lib/avr5\libm.a(mulsf3.o)
                              Super_Clokk.o (__mulsf3)
c:/program files (x86)/atmel/studio/7.0/toolchain/avr8/avr8-gnu-toolchain/bin/../lib/gcc/avr/5.4.0/../../../../avr/lib/avr5\libm.a(mulsf3x.o)
                              c:/program files (x86)/atmel/studio/7.0/toolchain/avr8/avr8-gnu-toolchain/bin/../lib/gcc/avr/5.4.0/../../../../avr/lib/avr5\libm.a(mulsf3.o) (__mulsf3x)
c:/program files (x86)/atmel/studio/7.0/toolchain/avr8/avr8-gnu-toolchain/bin/../lib/gcc/avr/5.4.0/../../../../avr/lib/avr5\libm.a(fp_inf.o)
                              c:/program files (x86)/atmel/studio/7.0/toolchain/avr8/avr8-gnu-toolchain/bin/../lib/gcc/avr/5.4.0/../../../../avr/lib/avr5\libm.a(mulsf3x.o) (__fp_inf)
c:/program files (x86)/atmel/studio/7.0/toolchain/avr8/avr8-gnu-toolchain/bin/../lib/gcc/avr/5.4.0/../../../../avr/lib/avr5\libm.a(fp_nan.o)
                              c:/program files (x86)/atmel/studio/7.0/toolchain/avr8/avr8-gnu-toolchain/bin/../lib/gcc/avr/5.4.0/../../../../avr/lib/avr5\libm.a(mulsf3x.o) (__fp_nan)
c:/program files (x86)/atmel/studio/7.0/toolchain/avr8/avr8-gnu-toolchain/bin/../lib/gcc/avr/5.4.0/../../../../avr/lib/avr5\libm.a(fp_pscA.o)
                              c:/program files (x86)/atmel/studio/7.0/toolchain/avr8/avr8-gnu-toolchain/bin/../lib/gcc/avr/5.4.0/../../../../avr/lib/avr5\libm.a(mulsf3x.o) (__fp_pscA)
c:/program files (x86)/atmel/studio/7.0/toolchain/avr8/avr8-gnu-toolchain/bin/../lib/gcc/avr/5.4.0/../../../../avr/lib/avr5\libm.a(fp_pscB.o)
                              c:/program files (x86)/atmel/studio/7.0/toolchain/avr8/avr8-gnu-toolchain/bin/../lib/gcc/avr/5.4.0/../../../../avr/lib/avr5\libm.a(mulsf3x.o) (__fp_pscB)
c:/program files (x86)/atmel/studio/7.0/toolchain/avr8/avr8-gnu-toolchain/bin/../lib/gcc/avr/5.4.0/../../../../avr/lib/avr5\libm.a(fp_round.o)
                              c:/program files (x86)/atmel/studio/7.0/toolchain/avr8/avr8-gnu-toolchain/bin/../lib/gcc/avr/5.4.0/../../../../avr/lib/avr5\libm.a(mulsf3.o) (__fp_round)
c:/program files (x86)/atmel/studio/7.0/toolchain/avr8/avr8-gnu-toolchain/bin/../lib/gcc/avr/5.4.0/avr5\libgcc.a(_mulsi3.o)
                              BMP180.o (__mulsi3)
c:/program files (x86)/atmel/studio/7.0/toolchain/avr8/avr8-gnu-toolchain/bin/../lib/gcc/avr/5.4.0/avr5\libgcc.a(_divmodhi4.o)
                              rx8564.o (__divmodhi4)
c:/program files (x86)/atmel/studio/7.0/toolchain/avr8/avr8-gnu-toolchain/bin/../lib/gcc/avr/5.4.0/avr5\libgcc.a(_udivmodsi4.o)
                              BMP180.o (__udivmodsi4)
c:/program files (x86)/atmel/studio/7.0/toolchain/avr8/avr8-gnu-toolchain/bin/../lib/gcc/avr/5.4.0/avr5\libgcc.a(_divmodsi4.o)
                              BMP180.o (__divmodsi4)
c:/program files (x86)/atmel/studio/7.0/toolchain/avr8/avr8-gnu-toolchain/bin/../lib/gcc/avr/5.4.0/avr5\libgcc.a(_negsi2.o)
                              c:/program files (x86)/atmel/studio/7.0/toolchain/avr8/avr8-gnu-toolchain/bin/../lib/gcc/avr/5.4.0/avr5\libgcc.a(_divmodsi4.o) (__negsi2)
c:/program files (x86)/atmel/studio/7.0/toolchain/avr8/avr8-gnu-toolchain/bin/../lib/gcc/avr/5.4.0/avr5\libgcc.a(_exit.o)
                              C:/Program Files (x86)/Atmel/Studio/7.0/Packs/Atmel/ATmega_DFP/1.0.106/gcc/dev/atmega32/avr5/crtatmega32.o (exit)
[...]
Memory Configuration

Name             Origin             Length             Attributes
text             0x00000000         0x00020000         xr
data             0x00800060         0x0000ffa0         rw !x
eeprom           0x00810000         0x00010000         rw !x
fuse             0x00820000         0x00000400         rw !x
lock             0x00830000         0x00000400         rw !x
signature        0x00840000         0x00000400         rw !x
user_signatures  0x00850000         0x00000400         rw !x
*default*        0x00000000         0xffffffff

Linker script and memory map

LOAD C:/Program Files (x86)/Atmel/Studio/7.0/Packs/Atmel/ATmega_DFP/1.0.106/gcc/dev/atmega32/avr5/crtatmega32.o
LOAD BMP180.o
LOAD build_info.o
LOAD convert.o
LOAD dcf.o
LOAD delay.o
LOAD ht1632c.o
LOAD i2cmaster.o
LOAD rx8564.o
LOAD Super_Clokk.o
START GROUP
LOAD c:/program files (x86)/atmel/studio/7.0/toolchain/avr8/avr8-gnu-toolchain/bin/../lib/gcc/avr/5.4.0/../../../../avr/lib/avr5\libm.a
END GROUP
START GROUP
LOAD c:/program files (x86)/atmel/studio/7.0/toolchain/avr8/avr8-gnu-toolchain/bin/../lib/gcc/avr/5.4.0/avr5\libgcc.a
LOAD c:/program files (x86)/atmel/studio/7.0/toolchain/avr8/avr8-gnu-toolchain/bin/../lib/gcc/avr/5.4.0/../../../../avr/lib/avr5\libm.a
LOAD c:/program files (x86)/atmel/studio/7.0/toolchain/avr8/avr8-gnu-toolchain/bin/../lib/gcc/avr/5.4.0/../../../../avr/lib/avr5\libc.a
LOAD C:/Program Files (x86)/Atmel/Studio/7.0/Packs/Atmel/ATmega_DFP/1.0.106/gcc/dev/atmega32/avr5\libatmega32.a
END GROUP
                0x00020000                __TEXT_REGION_LENGTH__ = DEFINED (__TEXT_REGION_LENGTH__)?__TEXT_REGION_LENGTH__:0x20000
                0x0000ffa0                __DATA_REGION_LENGTH__ = DEFINED (__DATA_REGION_LENGTH__)?__DATA_REGION_LENGTH__:0xffa0
                0x00010000                __EEPROM_REGION_LENGTH__ = DEFINED (__EEPROM_REGION_LENGTH__)?__EEPROM_REGION_LENGTH__:0x10000
                0x00000400                __FUSE_REGION_LENGTH__ = DEFINED (__FUSE_REGION_LENGTH__)?__FUSE_REGION_LENGTH__:0x400
                0x00000400                __LOCK_REGION_LENGTH__ = DEFINED (__LOCK_REGION_LENGTH__)?__LOCK_REGION_LENGTH__:0x400
                0x00000400                __SIGNATURE_REGION_LENGTH__ = DEFINED (__SIGNATURE_REGION_LENGTH__)?__SIGNATURE_REGION_LENGTH__:0x400
                0x00000400                __USER_SIGNATURE_REGION_LENGTH__ = DEFINED (__USER_SIGNATURE_REGION_LENGTH__)?__USER_SIGNATURE_REGION_LENGTH__:0x400

.hash
 *(.hash)

.dynsym
 *(.dynsym)

.dynstr
 *(.dynstr)

.gnu.version
 *(.gnu.version)

.gnu.version_d
 *(.gnu.version_d)

.gnu.version_r
 *(.gnu.version_r)

.rel.init
 *(.rel.init)

.rela.init
 *(.rela.init)

.rel.text
 *(.rel.text)
 *(.rel.text.*)
 *(.rel.gnu.linkonce.t*)

.rela.text
 *(.rela.text)
 *(.rela.text.*)
 *(.rela.gnu.linkonce.t*)

.rel.fini
 *(.rel.fini)

.rela.fini
 *(.rela.fini)

.rel.rodata
 *(.rel.rodata)
 *(.rel.rodata.*)
 *(.rel.gnu.linkonce.r*)

.rela.rodata
 *(.rela.rodata)
 *(.rela.rodata.*)
 *(.rela.gnu.linkonce.r*)

.rel.data
 *(.rel.data)
 *(.rel.data.*)
 *(.rel.gnu.linkonce.d*)

.rela.data
 *(.rela.data)
 *(.rela.data.*)
 *(.rela.gnu.linkonce.d*)

.rel.ctors
 *(.rel.ctors)

.rela.ctors
 *(.rela.ctors)

.rel.dtors
 *(.rel.dtors)

.rela.dtors
 *(.rela.dtors)

.rel.got
 *(.rel.got)

.rela.got
 *(.rela.got)

.rel.bss
 *(.rel.bss)

.rela.bss
 *(.rela.bss)

.rel.plt
 *(.rel.plt)

.rela.plt
 *(.rela.plt)

.text           0x00000000     0x53f4
 *(.vectors)
 .vectors       0x00000000       0x54 C:/Program Files (x86)/Atmel/Studio/7.0/Packs/Atmel/ATmega_DFP/1.0.106/gcc/dev/atmega32/avr5/crtatmega32.o
                0x00000000                __vector_default
                0x00000000                __vectors
 *(.vectors)
 *(.progmem.gcc*)
                0x00000054                . = ALIGN (0x2)
                0x00000054                __trampolines_start = .
 *(.trampolines)
 .trampolines   0x00000054        0x0 linker stubs
 *(.trampolines*)
                0x00000054                __trampolines_end = .
 *libprintf_flt.a:*(.progmem.data)
 *libc.a:*(.progmem.data)
 *(.progmem*)
 .progmem.data.font
                0x00000054       0xa8 Super_Clokk.o
                0x00000054                font
 .progmem.data.font_83
                0x000000fc        0x3 Super_Clokk.o
                0x000000fc                font_83
 .progmem.data.font_82
                0x000000ff        0x7 Super_Clokk.o
                0x000000ff                font_82
 .progmem.data.font_81
                0x00000106        0x7 Super_Clokk.o
                0x00000106                font_81
 .progmem.data.font_80
                0x0000010d        0x7 Super_Clokk.o
                0x0000010d                font_80
 .progmem.data.font_79
                0x00000114        0x7 Super_Clokk.o
                0x00000114                font_79
 .progmem.data.font_78
                0x0000011b        0x7 Super_Clokk.o
                0x0000011b                font_78
 .progmem.data.font_77
                0x00000122        0x7 Super_Clokk.o
                0x00000122                font_77
 .progmem.data.font_76
                0x00000129        0x7 Super_Clokk.o
                0x00000129                font_76
 .progmem.data.font_75
                0x00000130        0x7 Super_Clokk.o
                0x00000130                font_75
 .progmem.data.font_74
                0x00000137        0x7 Super_Clokk.o
                0x00000137                font_74
 .progmem.data.font_73
                0x0000013e        0x7 Super_Clokk.o
                0x0000013e                font_73
 .progmem.data.font_72
                0x00000145        0x7 Super_Clokk.o
                0x00000145                font_72
 .progmem.data.font_71
                0x0000014c        0x7 Super_Clokk.o
                0x0000014c                font_71
 .progmem.data.font_70
                0x00000153        0x7 Super_Clokk.o
                0x00000153                font_70
 .progmem.data.font_69
                0x0000015a        0x7 Super_Clokk.o
                0x0000015a                font_69
 .progmem.data.font_68
                0x00000161        0x7 Super_Clokk.o
                0x00000161                font_68
 .progmem.data.font_67
                0x00000168        0x7 Super_Clokk.o
                0x00000168                font_67
 .progmem.data.font_66
                0x0000016f        0x7 Super_Clokk.o
                0x0000016f                font_66
 .progmem.data.font_65
                0x00000176        0x7 Super_Clokk.o
                0x00000176                font_65
 .progmem.data.font_64
                0x0000017d        0x7 Super_Clokk.o
                0x0000017d                font_64
 .progmem.data.font_63
                0x00000184        0x7 Super_Clokk.o
                0x00000184                font_63
 .progmem.data.font_62
                0x0000018b        0x7 Super_Clokk.o
                0x0000018b                font_62
 .progmem.data.font_61
                0x00000192        0x7 Super_Clokk.o
                0x00000192                font_61
 .progmem.data.font_60
                0x00000199        0x7 Super_Clokk.o
                0x00000199                font_60
 .progmem.data.font_59
                0x000001a0        0x7 Super_Clokk.o
                0x000001a0                font_59
 .progmem.data.font_58
                0x000001a7        0x7 Super_Clokk.o
                0x000001a7                font_58
 .progmem.data.font_57
                0x000001ae        0x7 Super_Clokk.o
                0x000001ae                font_57
 .progmem.data.font_56
                0x000001b5        0x7 Super_Clokk.o
                0x000001b5                font_56
 .progmem.data.font_55
                0x000001bc        0x7 Super_Clokk.o
                0x000001bc                font_55
 .progmem.data.font_54
                0x000001c3        0x7 Super_Clokk.o
                0x000001c3                font_54
 .progmem.data.font_53
                0x000001ca        0x7 Super_Clokk.o
                0x000001ca                font_53
 .progmem.data.font_52
                0x000001d1        0x7 Super_Clokk.o
                0x000001d1                font_52
 .progmem.data.font_51
                0x000001d8        0x7 Super_Clokk.o
                0x000001d8                font_51
 .progmem.data.font_50
                0x000001df        0x7 Super_Clokk.o
                0x000001df                font_50
 .progmem.data.font_49
                0x000001e6        0x7 Super_Clokk.o
                0x000001e6                font_49
 .progmem.data.font_48
                0x000001ed        0x7 Super_Clokk.o
                0x000001ed                font_48
 .progmem.data.font_47
                0x000001f4        0x7 Super_Clokk.o
                0x000001f4                font_47
 .progmem.data.font_46
                0x000001fb        0x7 Super_Clokk.o
                0x000001fb                font_46
 .progmem.data.font_45
                0x00000202        0x7 Super_Clokk.o
                0x00000202                font_45
 .progmem.data.font_44
                0x00000209        0x7 Super_Clokk.o
                0x00000209                font_44
 .progmem.data.font_43
                0x00000210        0x7 Super_Clokk.o
                0x00000210                font_43
 .progmem.data.font_42
                0x00000217        0x7 Super_Clokk.o
                0x00000217                font_42
 .progmem.data.font_41
                0x0000021e        0x7 Super_Clokk.o
                0x0000021e                font_41
 .progmem.data.font_40
                0x00000225        0x7 Super_Clokk.o
                0x00000225                font_40
 .progmem.data.font_39
                0x0000022c        0x7 Super_Clokk.o
                0x0000022c                font_39
 .progmem.data.font_38
                0x00000233        0x7 Super_Clokk.o
                0x00000233                font_38
 .progmem.data.font_37
                0x0000023a        0x7 Super_Clokk.o
                0x0000023a                font_37
 .progmem.data.font_36
                0x00000241        0x7 Super_Clokk.o
                0x00000241                font_36
 .progmem.data.font_35
                0x00000248        0x7 Super_Clokk.o
                0x00000248                font_35
 .progmem.data.font_34
                0x0000024f        0x7 Super_Clokk.o
                0x0000024f                font_34
 .progmem.data.font_33
                0x00000256        0x7 Super_Clokk.o
                0x00000256                font_33
 .progmem.data.font_32
                0x0000025d        0x7 Super_Clokk.o
                0x0000025d                font_32
 .progmem.data.font_31
                0x00000264        0x7 Super_Clokk.o
                0x00000264                font_31
 .progmem.data.font_30
                0x0000026b        0x7 Super_Clokk.o
                0x0000026b                font_30
 .progmem.data.font_29
                0x00000272        0x7 Super_Clokk.o
                0x00000272                font_29
 .progmem.data.font_28
                0x00000279        0x7 Super_Clokk.o
                0x00000279                font_28
 .progmem.data.font_27
                0x00000280        0x7 Super_Clokk.o
                0x00000280                font_27
 .progmem.data.font_26
                0x00000287        0x7 Super_Clokk.o
                0x00000287                font_26
 .progmem.data.font_25
                0x0000028e        0x7 Super_Clokk.o
                0x0000028e                font_25
 .progmem.data.font_24
                0x00000295        0x7 Super_Clokk.o
                0x00000295                font_24
 .progmem.data.font_23
                0x0000029c        0x7 Super_Clokk.o
                0x0000029c                font_23
 .progmem.data.font_22
                0x000002a3        0x7 Super_Clokk.o
                0x000002a3                font_22
 .progmem.data.font_21
                0x000002aa        0x7 Super_Clokk.o
                0x000002aa                font_21
 .progmem.data.font_20
                0x000002b1        0x7 Super_Clokk.o
                0x000002b1                font_20
 .progmem.data.font_19
                0x000002b8        0x7 Super_Clokk.o
                0x000002b8                font_19
 .progmem.data.font_18
                0x000002bf        0x7 Super_Clokk.o
                0x000002bf                font_18
 .progmem.data.font_17
                0x000002c6        0x7 Super_Clokk.o
                0x000002c6                font_17
 .progmem.data.font_16
                0x000002cd        0x7 Super_Clokk.o
                0x000002cd                font_16
 .progmem.data.font_15
                0x000002d4        0x7 Super_Clokk.o
                0x000002d4                font_15
 .progmem.data.font_14
                0x000002db        0x7 Super_Clokk.o
                0x000002db                font_14
 .progmem.data.font_13
                0x000002e2        0x7 Super_Clokk.o
                0x000002e2                font_13
 .progmem.data.font_12
                0x000002e9        0x7 Super_Clokk.o
                0x000002e9                font_12
 .progmem.data.font_11
                0x000002f0        0x7 Super_Clokk.o
                0x000002f0                font_11
 .progmem.data.font_10
                0x000002f7        0x7 Super_Clokk.o
                0x000002f7                font_10
 .progmem.data.font_9
                0x000002fe        0x7 Super_Clokk.o
                0x000002fe                font_9
 .progmem.data.font_8
                0x00000305        0x7 Super_Clokk.o
                0x00000305                font_8
 .progmem.data.font_7
                0x0000030c        0x7 Super_Clokk.o
                0x0000030c                font_7
 .progmem.data.font_6
                0x00000313        0x7 Super_Clokk.o
                0x00000313                font_6
 .progmem.data.font_5
                0x0000031a        0x7 Super_Clokk.o
                0x0000031a                font_5
 .progmem.data.font_4
                0x00000321        0x7 Super_Clokk.o
                0x00000321                font_4
 .progmem.data.font_3
                0x00000328        0x7 Super_Clokk.o
                0x00000328                font_3
 .progmem.data.font_2
                0x0000032f        0x7 Super_Clokk.o
                0x0000032f                font_2
 .progmem.data.font_1
                0x00000336        0x7 Super_Clokk.o
                0x00000336                font_1
 .progmem.data.font_0
                0x0000033d        0x7 Super_Clokk.o
                0x0000033d                font_0
                0x00000344                . = ALIGN (0x2)
 *(.jumptables)
 *(.jumptables*)
 *(.lowtext)
 *(.lowtext*)
                0x00000344                __ctors_start = .
 *(.ctors)
                0x00000344                __ctors_end = .
                0x00000344                __dtors_start = .
 *(.dtors)
                0x00000344                __dtors_end = .
 SORT(*)(.ctors)
 SORT(*)(.dtors)
 *(.init0)
 .init0         0x00000344        0x0 C:/Program Files (x86)/Atmel/Studio/7.0/Packs/Atmel/ATmega_DFP/1.0.106/gcc/dev/atmega32/avr5/crtatmega32.o
                0x00000344                __init
 *(.init0)
 *(.init1)
 *(.init1)
 *(.init2)
 .init2         0x00000344        0xc C:/Program Files (x86)/Atmel/Studio/7.0/Packs/Atmel/ATmega_DFP/1.0.106/gcc/dev/atmega32/avr5/crtatmega32.o
 *(.init2)
 *(.init3)
 *(.init3)
 *(.init4)
 .init4         0x00000350       0x16 c:/program files (x86)/atmel/studio/7.0/toolchain/avr8/avr8-gnu-toolchain/bin/../lib/gcc/avr/5.4.0/avr5\libgcc.a(_copy_data.o)
                0x00000350                __do_copy_data
 .init4         0x00000366       0x10 c:/program files (x86)/atmel/studio/7.0/toolchain/avr8/avr8-gnu-toolchain/bin/../lib/gcc/avr/5.4.0/avr5\libgcc.a(_clear_bss.o)
                0x00000366                __do_clear_bss
 *(.init4)
 *(.init5)
 *(.init5)
 *(.init6)
 *(.init6)
 *(.init7)
 *(.init7)
 *(.init8)
 *(.init8)
 *(.init9)
 .init9         0x00000376        0x8 C:/Program Files (x86)/Atmel/Studio/7.0/Packs/Atmel/ATmega_DFP/1.0.106/gcc/dev/atmega32/avr5/crtatmega32.o
 *(.init9)
 *(.text)
 .text          0x0000037e        0x4 C:/Program Files (x86)/Atmel/Studio/7.0/Packs/Atmel/ATmega_DFP/1.0.106/gcc/dev/atmega32/avr5/crtatmega32.o
                0x0000037e                __vector_1
                0x0000037e                __vector_12
                0x0000037e                __bad_interrupt
                0x0000037e                __vector_6
                0x0000037e                __vector_3
                0x0000037e                __vector_11
                0x0000037e                __vector_13
                0x0000037e                __vector_17
                0x0000037e                __vector_19
                0x0000037e                __vector_7
                0x0000037e                __vector_5
                0x0000037e                __vector_9
                0x0000037e                __vector_2
                0x0000037e                __vector_15
                0x0000037e                __vector_8
                0x0000037e                __vector_14
                0x0000037e                __vector_16
                0x0000037e                __vector_18
                0x0000037e                __vector_20
 .text          0x00000382       0xce i2cmaster.o
                0x00000392                i2c_init
                0x0000039c                i2c_start
                0x000003a4                i2c_rep_start
                0x000003b8                i2c_start_wait
                0x000003cc                i2c_stop
                0x000003dc                i2c_write
                0x00000414                i2c_readNak
                0x00000418                i2c_readAck
                0x0000041a                i2c_read
                0x00000450                . = ALIGN (0x2)
 *(.text.*)
 .text.bmp180ReadBytes
                0x00000450       0x76 BMP180.o
                0x00000450                bmp180ReadBytes
 .text.bmp180ReadByte
                0x000004c6       0x34 BMP180.o
                0x000004c6                bmp180ReadByte
 .text.bmp180ReadInt
                0x000004fa       0x42 BMP180.o
                0x000004fa                bmp180ReadInt
 .text.bmp180ReadUint
                0x0000053c       0x46 BMP180.o
                0x0000053c                bmp180ReadUint
 .text.bmp180GetCal
                0x00000582       0x8e BMP180.o
                0x00000582                bmp180GetCal
 .text.bmp180WriteBytes
                0x00000610       0x78 BMP180.o
                0x00000610                bmp180WriteBytes
 .text.bmp180WriteByte
                0x00000688       0x2c BMP180.o
                0x00000688                bmp180WriteByte
 .text.bmp180StartMeasure
                0x000006b4       0x60 BMP180.o
                0x000006b4                bmp180StartMeasure
 .text.bmp180StartTemperature
                0x00000714       0x44 BMP180.o
                0x00000714                bmp180StartTemperature
 .text.bmpGetTemperaure
                0x00000758      0x11e BMP180.o
                0x00000758                bmpGetTemperaure
 .text.bmp180StartPressure
                0x00000876       0x9c BMP180.o
                0x00000876                bmp180StartPressure
 .text.bmp180GetPressure
                0x00000912      0x432 BMP180.o
                0x00000912                bmp180GetPressure
 .text.bmp180Init
                0x00000d44        0xa BMP180.o
                0x00000d44                bmp180Init
 .text.buildVer
                0x00000d4e       0x30 build_info.o
                0x00000d4e                buildVer
 .text.decHex8  0x00000d7e       0x72 convert.o
                0x00000d7e                decHex8
 .text.dcf_running
                0x00000df0       0x28 dcf.o
                0x00000df0                dcf_running
 .text.dcf_collect
                0x00000e18       0xae dcf.o
                0x00000e18                dcf_collect
 .text.dcf_decode
                0x00000ec6      0x54a dcf.o
                0x00000ec6                dcf_decode
 .text.dcf_check
                0x00001410       0xcc dcf.o
                0x00001410                dcf_check
 .text.delay_ms
                0x000014dc       0x3a delay.o
                0x000014dc                delay_ms
 .text.ht1632c_chipselect
                0x00001516        0x4 ht1632c.o
                0x00001516                ht1632c_chipselect
 .text.ht1632c_chipfree
                0x0000151a        0x4 ht1632c.o
                0x0000151a                ht1632c_chipfree
 .text.ht1632c_send_to_display
                0x0000151e       0x1a ht1632c.o
                0x0000151e                ht1632c_send_to_display
 .text.ht1632c_send_page
                0x00001538       0x3c ht1632c.o
                0x00001538                ht1632c_send_page
 .text.ht1632cSendCmd
                0x00001574       0x28 ht1632c.o
                0x00001574                ht1632cSendCmd
 .text.ht1632c_init
                0x0000159c       0x6c ht1632c.o
                0x0000159c                ht1632c_init
 .text.ht1632c_get
                0x00001608       0x5c ht1632c.o
                0x00001608                ht1632c_get
 .text.ht1632c_set
                0x00001664       0x60 ht1632c.o
                0x00001664                ht1632c_set
 .text.rtcBcdToDec
                0x000016c4       0x16 rx8564.o
                0x000016c4                rtcBcdToDec
 .text.rtcSetTime
                0x000016da       0xa6 rx8564.o
                0x000016da                rtcSetTime
 .text.rtcSetDate
                0x00001780       0xcc rx8564.o
                0x00001780                rtcSetDate
 .text.rtcGetData
                0x0000184c       0xc6 rx8564.o
                0x0000184c                rtcGetData
 .text.rtcIsLeapYear
                0x00001912       0x70 rx8564.o
                0x00001912                rtcIsLeapYear
 .text.rtcGetNumOfDayAtMonth
                0x00001982       0x6a rx8564.o
                0x00001982                rtcGetNumOfDayAtMonth
 .text.rtcGetWeekDay
                0x000019ec      0x160 rx8564.o
                0x000019ec                rtcGetWeekDay
 .text.rtcGetDayofYear
                0x00001b4c       0x42 rx8564.o
                0x00001b4c                rtcGetDayofYear
 .text.rtcGetWeek
                0x00001b8e       0xd6 rx8564.o
                0x00001b8e                rtcGetWeek
 .text.ledarray_left_shift
                0x00001c64       0x48 Super_Clokk.o
                0x00001c64                ledarray_left_shift
 .text.ledarray_shift_up
                0x00001cac       0x4e Super_Clokk.o
                0x00001cac                ledarray_shift_up
 .text.getFont  0x00001cfa       0x90 Super_Clokk.o
                0x00001cfa                getFont
 .text.getFontWidth
                0x00001d8a       0x44 Super_Clokk.o
                0x00001d8a                getFontWidth
 .text.putChar  0x00001dce      0x10e Super_Clokk.o
                0x00001dce                putChar
 .text.putTimertcBcdToDec
                0x00001edc       0x7c Super_Clokk.o
                0x00001edc                putTimertcBcdToDec
 .text.putTimeDec
                0x00001f58       0x70 Super_Clokk.o
                0x00001f58                putTimeDec
 .text.putStr   0x00001fc8       0x5c Super_Clokk.o
                0x00001fc8                putStr
 .text.doublePointOn
                0x00002024        0xa Super_Clokk.o
                0x00002024                doublePointOn
 .text.blinkTime
                0x0000202e       0x76 Super_Clokk.o
                0x0000202e                blinkTime
 .text.blinkChars
                0x000020a4       0x8a Super_Clokk.o
                0x000020a4                blinkChars
 .text.ledarray_blank
                0x0000212e       0x16 Super_Clokk.o
                0x0000212e                ledarray_blank
 .text.scroll_display
                0x00002144      0x1c2 Super_Clokk.o
                0x00002144                scroll_display
 .text.reboot   0x00002306       0x1c Super_Clokk.o
                0x00002306                reboot
 .text.menueBrightness
                0x00002322      0x11a Super_Clokk.o
                0x00002322                menueBrightness
 .text.info     0x0000243c       0x80 Super_Clokk.o
                0x0000243c                info
 .text.scrollDate
                0x000024bc      0x206 Super_Clokk.o
                0x000024bc                scrollDate
 .text.scrollTemperature
                0x000026c2      0x13c Super_Clokk.o
                0x000026c2                scrollTemperature
 .text.scrollPressure
                0x000027fe       0xe8 Super_Clokk.o
                0x000027fe                scrollPressure
 .text.uint8ToDisp
                0x000028e6       0x40 Super_Clokk.o
                0x000028e6                uint8ToDisp
 .text.blink2Digit
                0x00002926       0x60 Super_Clokk.o
                0x00002926                blink2Digit
 .text.menueDate
                0x00002986      0x3cc Super_Clokk.o
                0x00002986                menueDate
 .text.setPwm   0x00002d52       0x1e Super_Clokk.o
                0x00002d52                setPwm
 .text.compareTime
                0x00002d70      0x162 Super_Clokk.o
                0x00002d70                compareTime
 .text.alarmRoutine
                0x00002ed2      0x188 Super_Clokk.o
                0x00002ed2                alarmRoutine
 .text.compareAutoDimm
                0x0000305a       0xf6 Super_Clokk.o
                0x0000305a                compareAutoDimm
 .text.get_key_press
                0x00003150       0x14 Super_Clokk.o
                0x00003150                get_key_press
 .text.get_key_rpt
                0x00003164       0x14 Super_Clokk.o
                0x00003164                get_key_rpt
 .text.switch_debounce
                0x00003178      0x14e Super_Clokk.o
                0x00003178                switch_debounce
 .text.cnfgTime_
                0x000032c6      0x11e Super_Clokk.o
                0x000032c6                cnfgTime_
 .text.menueAutoChange
                0x000033e4       0x82 Super_Clokk.o
                0x000033e4                menueAutoChange
 .text.menueTime
                0x00003466       0x70 Super_Clokk.o
                0x00003466                menueTime
 .text.dcf77StartScan
                0x000034d6      0x50c Super_Clokk.o
                0x000034d6                dcf77StartScan
 .text.defaultEEP
                0x000039e2      0x1a6 Super_Clokk.o
                0x000039e2                defaultEEP
 .text.loadeep  0x00003b88      0x194 Super_Clokk.o
                0x00003b88                loadeep
 .text.openMenue
                0x00003d1c       0xfa Super_Clokk.o
                0x00003d1c                openMenue
 .text.menueAutoDimm
                0x00003e16       0xda Super_Clokk.o
                0x00003e16                menueAutoDimm
 .text.menueSound
                0x00003ef0       0xca Super_Clokk.o
                0x00003ef0                menueSound
 .text.menueMotor
                0x00003fba       0xc8 Super_Clokk.o
                0x00003fba                menueMotor
 .text.menueSyncTime
                0x00004082       0x8e Super_Clokk.o
                0x00004082                menueSyncTime
 .text.menueAlarmCycle
                0x00004110       0xd0 Super_Clokk.o
                0x00004110                menueAlarmCycle
 .text.menueAlarm
                0x000041e0      0x1c2 Super_Clokk.o
                0x000041e0                menueAlarm
 .text.menueDCF77Record
                0x000043a2       0xcc Super_Clokk.o
                0x000043a2                menueDCF77Record
 .text.menueSync
                0x0000446e      0x136 Super_Clokk.o
                0x0000446e                menueSync
 .text.main     0x000045a4      0x24a Super_Clokk.o
                0x000045a4                main
 .text.__vector_10
                0x000047ee      0x11c Super_Clokk.o
                0x000047ee                __vector_10
 .text.__vector_4
                0x0000490a       0x40 Super_Clokk.o
                0x0000490a                __vector_4
 .text.avr-libc.fplib
                0x0000494a        0xe c:/program files (x86)/atmel/studio/7.0/toolchain/avr8/avr8-gnu-toolchain/bin/../lib/gcc/avr/5.4.0/../../../../avr/lib/avr5\libm.a(fixsfsi.o)
                0x0000494a                __fixsfsi
 .text.avr-libc.fplib
                0x00004958       0x5e c:/program files (x86)/atmel/studio/7.0/toolchain/avr8/avr8-gnu-toolchain/bin/../lib/gcc/avr/5.4.0/../../../../avr/lib/avr5\libm.a(fixunssfsi.o)
                0x00004958                __fixunssfsi
 .text.avr-libc.fplib
                0x000049b6       0x7a c:/program files (x86)/atmel/studio/7.0/toolchain/avr8/avr8-gnu-toolchain/bin/../lib/gcc/avr/5.4.0/../../../../avr/lib/avr5\libm.a(floatsisf.o)
                0x000049b6                __floatunsisf
                0x000049ba                __floatsisf
 .text.avr-libc.fplib
                0x00004a30       0x44 c:/program files (x86)/atmel/studio/7.0/toolchain/avr8/avr8-gnu-toolchain/bin/../lib/gcc/avr/5.4.0/../../../../avr/lib/avr5\libm.a(fp_split3.o)
                0x00004a30                __fp_split3
                0x00004a40                __fp_splitA
 .text.avr-libc.fplib
                0x00004a74        0xe c:/program files (x86)/atmel/studio/7.0/toolchain/avr8/avr8-gnu-toolchain/bin/../lib/gcc/avr/5.4.0/../../../../avr/lib/avr5\libm.a(fp_zero.o)
                0x00004a74                __fp_zero
                0x00004a76                __fp_szero
 .text.avr-libc.fplib
                0x00004a82        0x8 c:/program files (x86)/atmel/studio/7.0/toolchain/avr8/avr8-gnu-toolchain/bin/../lib/gcc/avr/5.4.0/../../../../avr/lib/avr5\libm.a(mulsf3.o)
                0x00004a82                __mulsf3
 .text.avr-libc.fplib
                0x00004a8a       0xd2 c:/program files (x86)/atmel/studio/7.0/toolchain/avr8/avr8-gnu-toolchain/bin/../lib/gcc/avr/5.4.0/../../../../avr/lib/avr5\libm.a(mulsf3x.o)
                0x00004aa8                __mulsf3x
                0x00004aae                __mulsf3_pse
 .text.avr-libc.fplib
                0x00004b5c        0xc c:/program files (x86)/atmel/studio/7.0/toolchain/avr8/avr8-gnu-toolchain/bin/../lib/gcc/avr/5.4.0/../../../../avr/lib/avr5\libm.a(fp_inf.o)
                0x00004b5c                __fp_inf
 .text.avr-libc.fplib
                0x00004b68        0x6 c:/program files (x86)/atmel/studio/7.0/toolchain/avr8/avr8-gnu-toolchain/bin/../lib/gcc/avr/5.4.0/../../../../avr/lib/avr5\libm.a(fp_nan.o)
                0x00004b68                __fp_nan
 .text.avr-libc.fplib
                0x00004b6e        0xe c:/program files (x86)/atmel/studio/7.0/toolchain/avr8/avr8-gnu-toolchain/bin/../lib/gcc/avr/5.4.0/../../../../avr/lib/avr5\libm.a(fp_pscA.o)
                0x00004b6e                __fp_pscA
 .text.avr-libc.fplib
                0x00004b7c        0xe c:/program files (x86)/atmel/studio/7.0/toolchain/avr8/avr8-gnu-toolchain/bin/../lib/gcc/avr/5.4.0/../../../../avr/lib/avr5\libm.a(fp_pscB.o)
                0x00004b7c                __fp_pscB
 .text.avr-libc.fplib
                0x00004b8a       0x22 c:/program files (x86)/atmel/studio/7.0/toolchain/avr8/avr8-gnu-toolchain/bin/../lib/gcc/avr/5.4.0/../../../../avr/lib/avr5\libm.a(fp_round.o)
                0x00004b8a                __fp_round
 .text.libgcc.mul
                0x00004bac       0x20 c:/program files (x86)/atmel/studio/7.0/toolchain/avr8/avr8-gnu-toolchain/bin/../lib/gcc/avr/5.4.0/avr5\libgcc.a(_mulsi3.o)
                0x00004bac                __mulsi3
 .text.libgcc.div
                0x00004bcc       0x28 c:/program files (x86)/atmel/studio/7.0/toolchain/avr8/avr8-gnu-toolchain/bin/../lib/gcc/avr/5.4.0/avr5\libgcc.a(_divmodhi4.o)
                0x00004bcc                _div
                0x00004bcc                __divmodhi4
 .text.libgcc.div
                0x00004bf4       0x44 c:/program files (x86)/atmel/studio/7.0/toolchain/avr8/avr8-gnu-toolchain/bin/../lib/gcc/avr/5.4.0/avr5\libgcc.a(_udivmodsi4.o)
                0x00004bf4                __udivmodsi4
 .text.libgcc.div
                0x00004c38       0x2e c:/program files (x86)/atmel/studio/7.0/toolchain/avr8/avr8-gnu-toolchain/bin/../lib/gcc/avr/5.4.0/avr5\libgcc.a(_divmodsi4.o)
                0x00004c38                __divmodsi4
 .text.libgcc.div
                0x00004c66       0x10 c:/program files (x86)/atmel/studio/7.0/toolchain/avr8/avr8-gnu-toolchain/bin/../lib/gcc/avr/5.4.0/avr5\libgcc.a(_negsi2.o)
                0x00004c66                __negsi2
 .text.libgcc.mul
                0x00004c76       0x1e c:/program files (x86)/atmel/studio/7.0/toolchain/avr8/avr8-gnu-toolchain/bin/../lib/gcc/avr/5.4.0/avr5\libgcc.a(_umulhisi3.o)
                0x00004c76                __umulhisi3
 .text.libgcc.mul
                0x00004c94       0x16 c:/program files (x86)/atmel/studio/7.0/toolchain/avr8/avr8-gnu-toolchain/bin/../lib/gcc/avr/5.4.0/avr5\libgcc.a(_muluhisi3.o)
                0x00004c94                __muluhisi3
 .text.libgcc.mul
                0x00004caa       0x10 c:/program files (x86)/atmel/studio/7.0/toolchain/avr8/avr8-gnu-toolchain/bin/../lib/gcc/avr/5.4.0/avr5\libgcc.a(_mulshisi3.o)
                0x00004caa                __mulshisi3
                0x00004cb0                __mulohisi3
 .text.libgcc.div
                0x00004cba       0x28 c:/program files (x86)/atmel/studio/7.0/toolchain/avr8/avr8-gnu-toolchain/bin/../lib/gcc/avr/5.4.0/avr5\libgcc.a(_udivmodhi4.o)
                0x00004cba                __udivmodhi4
 .text.avr-libc
                0x00004ce2       0x1a c:/program files (x86)/atmel/studio/7.0/toolchain/avr8/avr8-gnu-toolchain/bin/../lib/gcc/avr/5.4.0/../../../../avr/lib/avr5\libc.a(memcmp_P.o)
                0x00004ce2                memcmp_P
 .text.avr-libc
                0x00004cfc       0x12 c:/program files (x86)/atmel/studio/7.0/toolchain/avr8/avr8-gnu-toolchain/bin/../lib/gcc/avr/5.4.0/../../../../avr/lib/avr5\libc.a(memcpy_P.o)
                0x00004cfc                memcpy_P
 .text.avr-libc
                0x00004d0e       0x16 c:/program files (x86)/atmel/studio/7.0/toolchain/avr8/avr8-gnu-toolchain/bin/../lib/gcc/avr/5.4.0/../../../../avr/lib/avr5\libc.a(strcat.o)
                0x00004d0e                strcat
 .text.avr-libc
                0x00004d24       0x16 c:/program files (x86)/atmel/studio/7.0/toolchain/avr8/avr8-gnu-toolchain/bin/../lib/gcc/avr/5.4.0/../../../../avr/lib/avr5\libc.a(itoa_ncheck.o)
                0x00004d24                __itoa_ncheck
 .text.avr-libc
                0x00004d3a       0x34 c:/program files (x86)/atmel/studio/7.0/toolchain/avr8/avr8-gnu-toolchain/bin/../lib/gcc/avr/5.4.0/../../../../avr/lib/avr5\libc.a(utoa_ncheck.o)
                0x00004d3a                __utoa_ncheck
                0x00004d3c                __utoa_common
 .text.avr-libc
                0x00004d6e       0x44 c:/program files (x86)/atmel/studio/7.0/toolchain/avr8/avr8-gnu-toolchain/bin/../lib/gcc/avr/5.4.0/../../../../avr/lib/avr5\libc.a(sprintf.o)
                0x00004d6e                sprintf
 .text.avr-libc
                0x00004db2      0x3c2 c:/program files (x86)/atmel/studio/7.0/toolchain/avr8/avr8-gnu-toolchain/bin/../lib/gcc/avr/5.4.0/../../../../avr/lib/avr5\libc.a(vfprintf_std.o)
                0x00004db2                vfprintf
 .text.avr-libc
                0x00005174       0x16 c:/program files (x86)/atmel/studio/7.0/toolchain/avr8/avr8-gnu-toolchain/bin/../lib/gcc/avr/5.4.0/../../../../avr/lib/avr5\libc.a(strnlen_P.o)
                0x00005174                strnlen_P
 .text.avr-libc
                0x0000518a       0x16 c:/program files (x86)/atmel/studio/7.0/toolchain/avr8/avr8-gnu-toolchain/bin/../lib/gcc/avr/5.4.0/../../../../avr/lib/avr5\libc.a(strnlen.o)
                0x0000518a                strnlen
 .text.avr-libc
                0x000051a0       0x20 c:/program files (x86)/atmel/studio/7.0/toolchain/avr8/avr8-gnu-toolchain/bin/../lib/gcc/avr/5.4.0/../../../../avr/lib/avr5\libc.a(strrev.o)
                0x000051a0                strrev
 .text.avr-libc
                0x000051c0       0x78 c:/program files (x86)/atmel/studio/7.0/toolchain/avr8/avr8-gnu-toolchain/bin/../lib/gcc/avr/5.4.0/../../../../avr/lib/avr5\libc.a(fputc.o)
                0x000051c0                fputc
 .text.avr-libc
                0x00005238       0xbc c:/program files (x86)/atmel/studio/7.0/toolchain/avr8/avr8-gnu-toolchain/bin/../lib/gcc/avr/5.4.0/../../../../avr/lib/avr5\libc.a(ultoa_invert.o)
                0x00005238                __ultoa_invert
 .text.avr-libc
                0x000052f4       0x10 C:/Program Files (x86)/Atmel/Studio/7.0/Packs/Atmel/ATmega_DFP/1.0.106/gcc/dev/atmega32/avr5\libatmega32.a(eerd_byte.o)
                0x000052f4                eeprom_read_byte
 .text.avr-libc
                0x00005304        0xc C:/Program Files (x86)/Atmel/Studio/7.0/Packs/Atmel/ATmega_DFP/1.0.106/gcc/dev/atmega32/avr5\libatmega32.a(eerd_word.o)
                0x00005304                eeprom_read_word
 .text.avr-libc
                0x00005310       0x22 C:/Program Files (x86)/Atmel/Studio/7.0/Packs/Atmel/ATmega_DFP/1.0.106/gcc/dev/atmega32/avr5\libatmega32.a(eeupd_byte.o)
                0x00005310                eeprom_update_byte
                0x00005312                eeprom_update_r18
 .text.avr-libc
                0x00005332        0xc C:/Program Files (x86)/Atmel/Studio/7.0/Packs/Atmel/ATmega_DFP/1.0.106/gcc/dev/atmega32/avr5\libatmega32.a(eeupd_word.o)
                0x00005332                eeprom_update_word
 .text.avr-libc
                0x0000533e       0x1a C:/Program Files (x86)/Atmel/Studio/7.0/Packs/Atmel/ATmega_DFP/1.0.106/gcc/dev/atmega32/avr5\libatmega32.a(eewr_byte.o)
                0x0000533e                eeprom_write_byte
                0x00005340                eeprom_write_r18
 .text.avr-libc
                0x00005358        0xa C:/Program Files (x86)/Atmel/Studio/7.0/Packs/Atmel/ATmega_DFP/1.0.106/gcc/dev/atmega32/avr5\libatmega32.a(eewr_word.o)
                0x00005358                eeprom_write_word
 .text.avr-libc
                0x00005362       0x20 C:/Program Files (x86)/Atmel/Studio/7.0/Packs/Atmel/ATmega_DFP/1.0.106/gcc/dev/atmega32/avr5\libatmega32.a(eerd_block.o)
                0x00005362                eeprom_read_block
                0x00005366                eeprom_read_blraw
 .text.libgcc.prologue
                0x00005382       0x38 c:/program files (x86)/atmel/studio/7.0/toolchain/avr8/avr8-gnu-toolchain/bin/../lib/gcc/avr/5.4.0/avr5\libgcc.a(_prologue.o)
                0x00005382                __prologue_saves__
 .text.libgcc.prologue
                0x000053ba       0x36 c:/program files (x86)/atmel/studio/7.0/toolchain/avr8/avr8-gnu-toolchain/bin/../lib/gcc/avr/5.4.0/avr5\libgcc.a(_epilogue.o)
                0x000053ba                __epilogue_restores__
                0x000053f0                . = ALIGN (0x2)
 *(.fini9)
 .fini9         0x000053f0        0x0 c:/program files (x86)/atmel/studio/7.0/toolchain/avr8/avr8-gnu-toolchain/bin/../lib/gcc/avr/5.4.0/avr5\libgcc.a(_exit.o)
                0x000053f0                _exit
                0x000053f0                exit
 *(.fini9)
 *(.fini8)
 *(.fini8)
 *(.fini7)
 *(.fini7)
 *(.fini6)
 *(.fini6)
 *(.fini5)
 *(.fini5)
 *(.fini4)
 *(.fini4)
 *(.fini3)
 *(.fini3)
 *(.fini2)
 *(.fini2)
 *(.fini1)
 *(.fini1)
 *(.fini0)
 .fini0         0x000053f0        0x4 c:/program files (x86)/atmel/studio/7.0/toolchain/avr8/avr8-gnu-toolchain/bin/../lib/gcc/avr/5.4.0/avr5\libgcc.a(_exit.o)
 *(.fini0)
                0x000053f4                _etext = .

.data           0x00800060      0x36a load address 0x000053f4
                0x00800060                PROVIDE (__data_start, .)
 *(.data)
 *(.data*)
 .data.build.1573
                0x00800060        0xe build_info.o
 .data.time     0x0080006e        0x9 dcf.o
                0x0080006e                time
 .data.menueSync_struct
                0x00800077       0x19 Super_Clokk.o
                0x00800077                menueSync_struct
 .data.menueOnOff_struct
                0x00800090        0xa Super_Clokk.o
                0x00800090                menueOnOff_struct
 .data.menueAutoDimm_struct
                0x0080009a        0xf Super_Clokk.o
                0x0080009a                menueAutoDimm_struct
 .data.menueAlert_struct
                0x008000a9       0x32 Super_Clokk.o
                0x008000a9                menueAlert_struct
 .data.menue_struct
                0x008000db       0x3c Super_Clokk.o
                0x008000db                menue_struct
 *(.rodata)
 .rodata        0x00800117       0x1a rx8564.o
 *(.rodata*)
 .rodata.str1.1
                0x00800131       0x11 convert.o
 .rodata.str1.1
                0x00800142      0x270 Super_Clokk.o
                                0x275 (size before relaxing)
 .rodata.days.3694
                0x008003b2        0xe Super_Clokk.o
 .rodata.timeFormat.3693
                0x008003c0        0x4 Super_Clokk.o
 .rodata.msg.3692
                0x008003c4        0x6 Super_Clokk.o
 *(.gnu.linkonce.d*)
                0x008003ca                . = ALIGN (0x2)
                0x008003ca                _edata = .
                0x008003ca                PROVIDE (__data_end, .)

.bss            0x008003ca       0xd0
                0x008003ca                PROVIDE (__bss_start, .)
 *(.bss)
 *(.bss*)
 .bss.dcf_cntH.1876
                0x008003ca        0x2 dcf.o
 .bss.dcf_cntL.1875
                0x008003cc        0x2 dcf.o
 .bss.dcf_cnt.1851
                0x008003ce        0x1 dcf.o
 .bss.dcf_data  0x008003cf        0x8 dcf.o
 .bss.buff      0x008003d7        0xb rx8564.o
 .bss.newHourDelay.3736
                0x008003e2        0x2 Super_Clokk.o
 .bss.delay.3735
                0x008003e4        0x1 Super_Clokk.o
 .bss.lastAlarm.3324
                0x008003e5        0x2 Super_Clokk.o
 .bss.alarmReleaseMinCnt.3323
                0x008003e7        0x1 Super_Clokk.o
 .bss.alarmReleaseMinOld.3322
                0x008003e8        0x1 Super_Clokk.o
 .bss.rpt.3253  0x008003e9        0x1 Super_Clokk.o
 .bss.ct1.3252  0x008003ea        0x1 Super_Clokk.o
 .bss.ct0.3251  0x008003eb        0x1 Super_Clokk.o
 .bss.menueCursor
                0x008003ec        0x1 Super_Clokk.o
                0x008003ec                menueCursor
 *(COMMON)
 COMMON         0x008003ed       0x1f BMP180.o
                0x008003ed                cal
                0x0080040b                rx8564_regs_enum
 COMMON         0x0080040c        0x9 dcf.o
                0x0080040c                dcf77ScanIsActive
                0x0080040d                syncDCF
                0x0080040e                dcf_value
                0x0080040f                dcfNewData
                0x00800410                checkDCF
                0x00800411                glitchCnt
                0x00800413                dcf_start
                0x00800414                dcf_available
 COMMON         0x00800415       0x40 ht1632c.o
                0x00800415                ht1632_shadowram
 COMMON         0x00800455       0x45 Super_Clokk.o
                0x00800455                rx8564
                0x00800461                flag
                0x00800462                sys
                0x00800473                button
                0x00800474                alert
                0x00800477                err
                0x00800479                ram
                0x0080049a                PROVIDE (__bss_end, .)
                0x000053f4                __data_load_start = LOADADDR (.data)
                0x0000575e                __data_load_end = (__data_load_start + SIZEOF (.data))

.noinit         0x0080049a        0x0
                [!provide]                PROVIDE (__noinit_start, .)
 *(.noinit*)
                [!provide]                PROVIDE (__noinit_end, .)
                0x0080049a                _end = .
                [!provide]                PROVIDE (__heap_start, .)

.eeprom         0x00810000       0x23
 *(.eeprom*)
 .eeprom        0x00810000       0x23 Super_Clokk.o
                0x00810000                erreep
                0x00810002                eep
                0x00810023                __eeprom_end = .

.fuse
 *(.fuse)
 *(.lfuse)
 *(.hfuse)
 *(.efuse)

.lock
 *(.lock*)

.signature
 *(.signature*)

.user_signatures
 *(.user_signatures*)

.stab           0x00000000       0x24
 *(.stab)
 .stab          0x00000000       0x24 i2cmaster.o

.stabstr        0x00000000       0x1e
 *(.stabstr)
 .stabstr       0x00000000       0x1e i2cmaster.o

.stab.excl
 *(.stab.excl)

.stab.exclstr
 *(.stab.exclstr)

.stab.index
 *(.stab.index)

.stab.indexstr
 *(.stab.indexstr)

.comment        0x00000000       0x5c
 *(.comment)
 .comment       0x00000000       0x30 BMP180.o
                                 0x31 (size before relaxing)
 .comment       0x00000030       0x31 build_info.o
 .comment       0x00000030       0x31 convert.o
 .comment       0x00000030       0x31 dcf.o
 .comment       0x00000030       0x31 delay.o
 .comment       0x00000030       0x31 ht1632c.o
 .comment       0x00000030       0x31 rx8564.o
 .comment       0x00000030       0x31 Super_Clokk.o
 .comment       0x00000030       0x31 c:/program files (x86)/atmel/studio/7.0/toolchain/avr8/avr8-gnu-toolchain/bin/../lib/gcc/avr/5.4.0/../../../../avr/lib/avr5\libc.a(sprintf.o)
 .comment       0x00000030       0x2c c:/program files (x86)/atmel/studio/7.0/toolchain/avr8/avr8-gnu-toolchain/bin/../lib/gcc/avr/5.4.0/../../../../avr/lib/avr5\libc.a(vfprintf_std.o)
                                 0x2d (size before relaxing)
 .comment       0x0000005c       0x31 c:/program files (x86)/atmel/studio/7.0/toolchain/avr8/avr8-gnu-toolchain/bin/../lib/gcc/avr/5.4.0/../../../../avr/lib/avr5\libc.a(fputc.o)

.note.gnu.avr.deviceinfo
                0x00000000       0x3c
 .note.gnu.avr.deviceinfo
                0x00000000       0x3c C:/Program Files (x86)/Atmel/Studio/7.0/Packs/Atmel/ATmega_DFP/1.0.106/gcc/dev/atmega32/avr5/crtatmega32.o

.note.gnu.build-id
 *(.note.gnu.build-id)

.debug
 *(.debug)

.line
 *(.line)

.debug_srcinfo
 *(.debug_srcinfo)

.debug_sfnames
 *(.debug_sfnames)

.debug_aranges  0x00000000      0x460
 *(.debug_aranges)
 .debug_aranges
                0x00000000       0x90 BMP180.o
 .debug_aranges
                0x00000090       0x20 build_info.o
 .debug_aranges
                0x000000b0       0x40 convert.o
 .debug_aranges
                0x000000f0       0x38 dcf.o
 .debug_aranges
                0x00000128       0x28 delay.o
 .debug_aranges
                0x00000150       0x60 ht1632c.o
 .debug_aranges
                0x000001b0       0x20 i2cmaster.o
 .debug_aranges
                0x000001d0       0xa0 rx8564.o
 .debug_aranges
                0x00000270      0x1f0 Super_Clokk.o

.debug_pubnames
 *(.debug_pubnames)

.debug_info     0x00000000     0x7bdc
 *(.debug_info .gnu.linkonce.wi.*)
 .debug_info    0x00000000      0xd6a BMP180.o
 .debug_info    0x00000d6a       0x9b build_info.o
 .debug_info    0x00000e05      0x31c convert.o
 .debug_info    0x00001121      0x30c dcf.o
 .debug_info    0x0000142d      0x118 delay.o
 .debug_info    0x00001545      0x3c3 ht1632c.o
 .debug_info    0x00001908       0x83 i2cmaster.o
 .debug_info    0x0000198b      0xbf1 rx8564.o
 .debug_info    0x0000257c     0x5660 Super_Clokk.o

.debug_abbrev   0x00000000      0xf77
 *(.debug_abbrev)
 .debug_abbrev  0x00000000      0x28f BMP180.o
 .debug_abbrev  0x0000028f       0x7d build_info.o
 .debug_abbrev  0x0000030c      0x116 convert.o
 .debug_abbrev  0x00000422      0x14e dcf.o
 .debug_abbrev  0x00000570       0xdf delay.o
 .debug_abbrev  0x0000064f      0x15f ht1632c.o
 .debug_abbrev  0x000007ae       0x14 i2cmaster.o
 .debug_abbrev  0x000007c2      0x280 rx8564.o
 .debug_abbrev  0x00000a42      0x535 Super_Clokk.o

.debug_line     0x00000000     0x411c
 *(.debug_line .debug_line.* .debug_line_end)
 .debug_line    0x00000000      0x536 BMP180.o
 .debug_line    0x00000536       0xa4 build_info.o
 .debug_line    0x000005da      0x207 convert.o
 .debug_line    0x000007e1      0x3ae dcf.o
 .debug_line    0x00000b8f      0x1a0 delay.o
 .debug_line    0x00000d2f      0x278 ht1632c.o
 .debug_line    0x00000fa7      0x2a3 i2cmaster.o
 .debug_line    0x0000124a      0x5bf rx8564.o
 .debug_line    0x00001809     0x2913 Super_Clokk.o

.debug_frame    0x00000000     0x1194
 *(.debug_frame)
 .debug_frame   0x00000000      0x2d8 BMP180.o
 .debug_frame   0x000002d8       0x24 build_info.o
 .debug_frame   0x000002fc       0xa0 convert.o
 .debug_frame   0x0000039c       0x68 dcf.o
 .debug_frame   0x00000404       0x34 delay.o
 .debug_frame   0x00000438       0xe8 ht1632c.o
 .debug_frame   0x00000520      0x260 rx8564.o
 .debug_frame   0x00000780      0xa14 Super_Clokk.o

.debug_str      0x00000000     0x1585
 *(.debug_str)
 .debug_str     0x00000000      0x44f BMP180.o
                                0x493 (size before relaxing)
 .debug_str     0x0000044f       0x33 build_info.o
                                0x138 (size before relaxing)
 .debug_str     0x00000482       0x9e convert.o
                                0x21b (size before relaxing)
 .debug_str     0x00000520      0x10d dcf.o
                                0x2a5 (size before relaxing)
 .debug_str     0x0000062d       0x16 delay.o
                                0x186 (size before relaxing)
 .debug_str     0x00000643       0xda ht1632c.o
                                0x268 (size before relaxing)
 .debug_str     0x0000071d      0x208 rx8564.o
                                0x50d (size before relaxing)
 .debug_str     0x00000925      0xc60 Super_Clokk.o
                               0x119c (size before relaxing)

.debug_loc      0x00000000     0x72ae
 *(.debug_loc)
 .debug_loc     0x00000000     0x146d BMP180.o
 .debug_loc     0x0000146d      0x23e convert.o
 .debug_loc     0x000016ab       0xf8 dcf.o
 .debug_loc     0x000017a3       0xab delay.o
 .debug_loc     0x0000184e      0x3ae ht1632c.o
 .debug_loc     0x00001bfc     0x10d2 rx8564.o
 .debug_loc     0x00002cce     0x45e0 Super_Clokk.o

.debug_macinfo
 *(.debug_macinfo)

.debug_weaknames
 *(.debug_weaknames)

.debug_funcnames
 *(.debug_funcnames)

.debug_typenames
 *(.debug_typenames)

.debug_varnames
 *(.debug_varnames)

.debug_pubtypes
 *(.debug_pubtypes)

.debug_ranges   0x00000000      0x490
 *(.debug_ranges)
 .debug_ranges  0x00000000       0x98 BMP180.o
 .debug_ranges  0x00000098       0x10 build_info.o
 .debug_ranges  0x000000a8       0x30 convert.o
 .debug_ranges  0x000000d8       0x28 dcf.o
 .debug_ranges  0x00000100       0x18 delay.o
 .debug_ranges  0x00000118       0x50 ht1632c.o
 .debug_ranges  0x00000168       0xa8 rx8564.o
 .debug_ranges  0x00000210      0x280 Super_Clokk.o

.debug_macro
 *(.debug_macro)
OUTPUT(Super_Clokk.elf elf32-avr)
LOAD linker stubs
